#
# There is insufficient memory for the Java Runtime Environment to continue.
# Native memory allocation (mmap) failed to map 255852544 bytes. Error detail: G1 virtual space
# Possible reasons:
#   The system is out of physical RAM or swap space
#   This process is running with CompressedOops enabled, and the Java Heap may be blocking the growth of the native heap
# Possible solutions:
#   Reduce memory load on the system
#   Increase physical memory or swap space
#   Check if swap backing store is full
#   Decrease Java heap size (-Xmx/-Xms)
#   Decrease number of Java threads
#   Decrease Java thread stack sizes (-Xss)
#   Set larger code cache with -XX:ReservedCodeCacheSize=
#   JVM is running with Zero Based Compressed Oops mode in which the Java heap is
#     placed in the first 32GB address space. The Java Heap base address is the
#     maximum limit for the native heap growth. Please use -XX:HeapBaseMinAddress
#     to set the Java Heap base and to place the Java Heap above 32GB virtual address.
# This output file may be truncated or incomplete.
#
#  Out of Memory Error (os_windows.cpp:3825), pid=27744, tid=25884
#
# JRE version:  (17.0.11+1) (build )
# Java VM: OpenJDK 64-Bit Server VM (17.0.11+1-b1207.24, mixed mode, sharing, tiered, compressed oops, compressed class ptrs, g1 gc, windows-amd64)
# No core dump will be written. Minidumps are not enabled by default on client versions of Windows
#

---------------  S U M M A R Y ------------

Command Line: git4idea.http.GitAskPassApp Username for 'https://gitlab.com': 

Host: AMD Ryzen 7 7840HS w/ Radeon 780M Graphics     , 16 cores, 15G,  Windows 11 , 64 bit Build 22621 (10.0.22621.4391)
Time: Tue Dec 10 18:54:13 2024 Iran Standard Time elapsed time: 0.012177 seconds (0d 0h 0m 0s)

---------------  T H R E A D  ---------------

Current thread (0x00000200c4d34570):  JavaThread "Unknown thread" [_thread_in_vm, id=25884, stack(0x00000071b7900000,0x00000071b7a00000)]

Stack: [0x00000071b7900000,0x00000071b7a00000]
Native frames: (J=compiled Java code, j=interpreted, Vv=VM code, C=native code)
V  [jvm.dll+0x6877f9]
V  [jvm.dll+0x8411aa]
V  [jvm.dll+0x842e2e]
V  [jvm.dll+0x843493]
V  [jvm.dll+0x249fdf]
V  [jvm.dll+0x6845c9]
V  [jvm.dll+0x678e7a]
V  [jvm.dll+0x30ab4b]
V  [jvm.dll+0x311ff6]
V  [jvm.dll+0x361a5e]
V  [jvm.dll+0x361c8f]
V  [jvm.dll+0x2e0978]
V  [jvm.dll+0x2e18e4]
V  [jvm.dll+0x811c71]
V  [jvm.dll+0x36f7c8]
V  [jvm.dll+0x7f05f6]
V  [jvm.dll+0x3f398f]
V  [jvm.dll+0x3f5541]
C  [jli.dll+0x528f]
C  [ucrtbase.dll+0x29333]
C  [KERNEL32.DLL+0x1259d]
C  [ntdll.dll+0x5af38]


---------------  P R O C E S S  ---------------

Threads class SMR info:
_java_thread_list=0x00007ffdc0edefd8, length=0, elements={
}

Java Threads: ( => current thread )

Other Threads:
  0x00000200c4d9b0f0 GCTaskThread "GC Thread#0" [stack: 0x00000071b7a00000,0x00000071b7b00000] [id=28140]
  0x00000200c4dabb60 ConcurrentGCThread "G1 Main Marker" [stack: 0x00000071b7b00000,0x00000071b7c00000] [id=25092]
  0x00000200c4dae490 ConcurrentGCThread "G1 Conc#0" [stack: 0x00000071b7c00000,0x00000071b7d00000] [id=2936]

[error occurred during error reporting (printing all threads), id 0xc0000005, EXCEPTION_ACCESS_VIOLATION (0xc0000005) at pc=0x00007ffdc0691547]

VM state: not at safepoint (not fully initialized)

VM Mutex/Monitor currently owned by a thread:  ([mutex/lock_event])
[0x00000200c4d30440] Heap_lock - owner thread: 0x00000200c4d34570

Heap address: 0x000000070ce00000, size: 3890 MB, Compressed Oops mode: Zero based, Oop shift amount: 3

CDS archive(s) mapped at: [0x0000000000000000-0x0000000000000000-0x0000000000000000), size 0, SharedBaseAddress: 0x0000000800000000, ArchiveRelocationMode: 1.
Narrow klass base: 0x0000000000000000, Narrow klass shift: 0, Narrow klass range: 0x0

GC Precious Log:
<Empty>

Heap:
 garbage-first heap   total 0K, used 0K [0x000000070ce00000, 0x0000000800000000)
  region size 2048K, 0 young (0K), 0 survivors (0K)
 Metaspace       used 0K, committed 0K, reserved 0K
  class space    used 0K, committed 0K, reserved 0K

Heap Regions: E=young(eden), S=young(survivor), O=old, HS=humongous(starts), HC=humongous(continues), CS=collection set, F=free, OA=open archive, CA=closed archive, TAMS=top-at-mark-start (previous, next)

Card table byte_map: [0x00000200da400000,0x00000200daba0000] _byte_map_base: 0x00000200d6b99000

Marking Bits (Prev, Next): (CMBitMap*) 0x00000200c4d9bf20, (CMBitMap*) 0x00000200c4d9bf60
 Prev Bits: [0x00000200db340000, 0x00000200df008000)
 Next Bits: [0x00000200df010000, 0x00000200e2cd8000)

GC Heap History (0 events):
No events

Dll operation events (1 events):
Event: 0.007 Loaded shared library C:\Program Files\JetBrains\WebStorm 2024.1.5\jbr\bin\java.dll

Deoptimization events (0 events):
No events

Classes unloaded (0 events):
No events

Classes redefined (0 events):
No events

Internal exceptions (0 events):
No events

VM Operations (0 events):
No events

Events (0 events):
No events


Dynamic libraries:
0x00007ff7a87b0000 - 0x00007ff7a87ba000 	C:\Program Files\JetBrains\WebStorm 2024.1.5\jbr\bin\java.exe
0x00007ffe06df0000 - 0x00007ffe07007000 	C:\Windows\SYSTEM32\ntdll.dll
0x00007ffe062d0000 - 0x00007ffe06394000 	C:\Windows\System32\KERNEL32.DLL
0x00007ffe04210000 - 0x00007ffe045c9000 	C:\Windows\System32\KERNELBASE.dll
0x00007ffe047e0000 - 0x00007ffe048f1000 	C:\Windows\System32\ucrtbase.dll
0x00007ffddf0f0000 - 0x00007ffddf107000 	C:\Program Files\JetBrains\WebStorm 2024.1.5\jbr\bin\jli.dll
0x00007ffe06980000 - 0x00007ffe06b2e000 	C:\Windows\System32\USER32.dll
0x00007ffdd9470000 - 0x00007ffdd948b000 	C:\Program Files\JetBrains\WebStorm 2024.1.5\jbr\bin\VCRUNTIME140.dll
0x00007ffdf55d0000 - 0x00007ffdf5862000 	C:\Windows\WinSxS\amd64_microsoft.windows.common-controls_6595b64144ccf1df_6.0.22621.4391_none_2715d37f73803e96\COMCTL32.dll
0x00007ffe04900000 - 0x00007ffe04926000 	C:\Windows\System32\win32u.dll
0x00007ffe06ca0000 - 0x00007ffe06d47000 	C:\Windows\System32\msvcrt.dll
0x00007ffe06b70000 - 0x00007ffe06b99000 	C:\Windows\System32\GDI32.dll
0x00007ffe049f0000 - 0x00007ffe04b0b000 	C:\Windows\System32\gdi32full.dll
0x00007ffe04740000 - 0x00007ffe047da000 	C:\Windows\System32\msvcp_win.dll
0x00007ffe06940000 - 0x00007ffe06971000 	C:\Windows\System32\IMM32.DLL
0x00007ffdff6f0000 - 0x00007ffdff6fc000 	C:\Program Files\JetBrains\WebStorm 2024.1.5\jbr\bin\vcruntime140_1.dll
0x00007ffdc8f40000 - 0x00007ffdc8fcd000 	C:\Program Files\JetBrains\WebStorm 2024.1.5\jbr\bin\msvcp140.dll
0x00007ffdc03a0000 - 0x00007ffdc1023000 	C:\Program Files\JetBrains\WebStorm 2024.1.5\jbr\bin\server\jvm.dll
0x00007ffe06040000 - 0x00007ffe060f2000 	C:\Windows\System32\ADVAPI32.dll
0x00007ffe06890000 - 0x00007ffe06937000 	C:\Windows\System32\sechost.dll
0x00007ffe04160000 - 0x00007ffe04188000 	C:\Windows\System32\bcrypt.dll
0x00007ffe05760000 - 0x00007ffe05874000 	C:\Windows\System32\RPCRT4.dll
0x00007ffdf48f0000 - 0x00007ffdf48f9000 	C:\Windows\SYSTEM32\WSOCK32.dll
0x00007ffdfb730000 - 0x00007ffdfb764000 	C:\Windows\SYSTEM32\WINMM.dll
0x00007ffe02f40000 - 0x00007ffe02f8d000 	C:\Windows\SYSTEM32\POWRPROF.dll
0x00007ffe053a0000 - 0x00007ffe05411000 	C:\Windows\System32\WS2_32.dll
0x00007ffdfc3f0000 - 0x00007ffdfc3fa000 	C:\Windows\SYSTEM32\VERSION.dll
0x00007ffe02f20000 - 0x00007ffe02f33000 	C:\Windows\SYSTEM32\UMPDC.dll
0x00007ffe031e0000 - 0x00007ffe031f8000 	C:\Windows\SYSTEM32\kernel.appcore.dll
0x00007ffdf4600000 - 0x00007ffdf460a000 	C:\Program Files\JetBrains\WebStorm 2024.1.5\jbr\bin\jimage.dll
0x00007ffdfb4b0000 - 0x00007ffdfb6e2000 	C:\Windows\SYSTEM32\DBGHELP.DLL
0x00007ffe063a0000 - 0x00007ffe0672f000 	C:\Windows\System32\combase.dll
0x00007ffe05490000 - 0x00007ffe05567000 	C:\Windows\System32\OLEAUT32.dll
0x00007ffdf9590000 - 0x00007ffdf95c2000 	C:\Windows\SYSTEM32\dbgcore.DLL
0x00007ffe04190000 - 0x00007ffe0420b000 	C:\Windows\System32\bcryptPrimitives.dll
0x00007ffdd88a0000 - 0x00007ffdd88c5000 	C:\Program Files\JetBrains\WebStorm 2024.1.5\jbr\bin\java.dll

dbghelp: loaded successfully - version: 4.0.5 - missing functions: none
symbol engine: initialized successfully - sym options: 0x614 - pdb path: .;C:\Program Files\JetBrains\WebStorm 2024.1.5\jbr\bin;C:\Windows\SYSTEM32;C:\Windows\WinSxS\amd64_microsoft.windows.common-controls_6595b64144ccf1df_6.0.22621.4391_none_2715d37f73803e96;C:\Program Files\JetBrains\WebStorm 2024.1.5\jbr\bin\server

VM Arguments:
java_command: git4idea.http.GitAskPassApp Username for 'https://gitlab.com': 
java_class_path (initial): C:/Program Files/JetBrains/WebStorm 2024.1.5/plugins/vcs-git/lib/git4idea-rt.jar;C:/Program Files/JetBrains/WebStorm 2024.1.5/lib/externalProcess-rt.jar
Launcher Type: SUN_STANDARD

[Global flags]
     intx CICompilerCount                          = 12                                        {product} {ergonomic}
     uint ConcGCThreads                            = 3                                         {product} {ergonomic}
     uint G1ConcRefinementThreads                  = 13                                        {product} {ergonomic}
   size_t G1HeapRegionSize                         = 2097152                                   {product} {ergonomic}
    uintx GCDrainStackTargetSize                   = 64                                        {product} {ergonomic}
   size_t InitialHeapSize                          = 255852544                                 {product} {ergonomic}
   size_t MarkStackSize                            = 4194304                                   {product} {ergonomic}
   size_t MaxHeapSize                              = 4078960640                                {product} {ergonomic}
   size_t MinHeapDeltaBytes                        = 2097152                                   {product} {ergonomic}
   size_t MinHeapSize                              = 8388608                                   {product} {ergonomic}
    uintx NonNMethodCodeHeapSize                   = 7602480                                {pd product} {ergonomic}
    uintx NonProfiledCodeHeapSize                  = 122027880                              {pd product} {ergonomic}
    uintx ProfiledCodeHeapSize                     = 122027880                              {pd product} {ergonomic}
    uintx ReservedCodeCacheSize                    = 251658240                              {pd product} {ergonomic}
     bool SegmentedCodeCache                       = true                                      {product} {ergonomic}
   size_t SoftMaxHeapSize                          = 4078960640                             {manageable} {ergonomic}
     bool UseCompressedClassPointers               = true                           {product lp64_product} {ergonomic}
     bool UseCompressedOops                        = true                           {product lp64_product} {ergonomic}
     bool UseG1GC                                  = true                                      {product} {ergonomic}
     bool UseLargePagesIndividualAllocation        = false                                  {pd product} {ergonomic}

Logging:
Log output configuration:
 #0: stdout all=warning uptime,level,tags
 #1: stderr all=off uptime,level,tags

Environment Variables:
JAVA_HOME=C:\Program Files\Java\jdk-1.8\
PATH=C:\Program Files\Git\mingw64\libexec\git-core;C:\Program Files\Git\mingw64\libexec\git-core;C:\Program Files\Git\mingw64\bin;C:\Program Files\Git\usr\bin;C:\Users\Armo\bin;C:\ProgramData\Oracle\Java\javapath;C:\Program Files\Microsoft MPI\Bin;C:\Program Files\Common Files\Oracle\Java\javapath;C:\Program Files (x86)\Common Files\Oracle\Java\javapath;C:\Program Files (x86)\VMware\VMware Workstation\bin;C:\Windows\system32;C:\Windows;C:\Windows\System32\Wbem;C:\Windows\System32\WindowsPowerShell\v1.0;C:\Windows\System32\OpenSSH;C:\Program Files (x86)\NVIDIA Corporation\PhysX\Common;C:\Program Files\NVIDIA Corporation\NVIDIA NvDLISR;C:\Program Files\Microsoft VS Code\bin;C:\Program Files\nodejs;C:\Program Files\Docker\Docker\resources\bin;C:\ProgramData\chocolatey\bin;C:\Program Files\Git\cmd;C:\Maven\apache-maven-3.9.8-bin\bin;C:\Program Files\Microsoft SQL Server\150\Tools\Binn;C:\Program Files\Microsoft SQL Server\Client SDK\ODBC\170\Tools\Binn;C:\Program Files\dotnet;C:\Program Files (x86)\Microsoft SQL Server\160\Tools\Binn;C:\Program Files\Microsoft SQL Server\160\Tools\Binn;C:\Program Files\Microsoft SQL Server\160\DTS\Binn;C:\Program Files (x86)\Microsoft SQL Server\160\DTS\Binn;C:\platform-tools;C:\ngrok;C:\Program Files\Java\jdk-17\bin;C:\Program Files\PostgreSQL\16\bin;C:\Users\Armo\Documents\kuber;C:\Users\Armo\AppData\Local\Programs\Python\Python312\Scripts;C:\Users\Armo\AppData\Local\Programs\Python\Python312;C:\Users\Armo\AppData\Local\Microsoft\WindowsApps;C:\Users\Armo\AppData\Roaming\npm;C:\Program Files\JetBrains\WebStorm 2024.2\bin;C:\Program Files\JetBrains\IntelliJ IDEA 2022.2\bin;C:\Users\Armo\.dotnet\tools;C:\Program Files\JetBrains\PyCharm Community Edition 2024.2\bin;C:\texlive\2024\bin\windows;C:\Program Files\PostgreSQL\16\bin;C:\Users\Armo\Documents\kuber
USERNAME=Armo
DISPLAY=:0.0
LC_ALL=en_US.UTF-8
TERM=xterm-256color
TMPDIR=C:\Users\Armo\AppData\Local\Temp
OS=Windows_NT
PROCESSOR_IDENTIFIER=AMD64 Family 25 Model 116 Stepping 1, AuthenticAMD
TMP=C:\Users\Armo\AppData\Local\Temp
TEMP=C:\Users\Armo\AppData\Local\Temp



Periodic native trim disabled

JNI global refs:
JNI global refs: 0, weak refs: 0

JNI global refs memory usage: 0, weak refs: 0

Process memory usage:
Resident Set Size: 11916K (0% of 15927668K total physical memory with 1249204K free physical memory)

OOME stack traces (most recent first):
Classloader memory used:


---------------  S Y S T E M  ---------------

OS:
 Windows 11 , 64 bit Build 22621 (10.0.22621.4391)
OS uptime: 2 days 21:22 hours
Hyper-V role detected

CPU: total 16 (initial active 16) (16 cores per cpu, 2 threads per core) family 25 model 116 stepping 1 microcode 0x0, cx8, cmov, fxsr, ht, mmx, 3dnowpref, sse, sse2, sse3, ssse3, sse4a, sse4.1, sse4.2, popcnt, lzcnt, tsc, tscinvbit, avx, avx2, aes, erms, clmul, bmi1, bmi2, adx, avx512f, avx512dq, avx512cd, avx512bw, avx512vl, sha, fma, vzeroupper, avx512_vpopcntdq, avx512_vpclmulqdq, avx512_vaes, avx512_vnni, clflush, clflushopt, avx512_vbmi2, avx512_vbmi, hv
Processor Information for processor 0
  Max Mhz: 3801, Current Mhz: 2516, Mhz Limit: 3801
Processor Information for processor 1
  Max Mhz: 3801, Current Mhz: 2516, Mhz Limit: 3801
Processor Information for processor 2
  Max Mhz: 3801, Current Mhz: 3801, Mhz Limit: 3801
Processor Information for processor 3
  Max Mhz: 3801, Current Mhz: 2516, Mhz Limit: 3801
Processor Information for processor 4
  Max Mhz: 3801, Current Mhz: 2516, Mhz Limit: 3801
Processor Information for processor 5
  Max Mhz: 3801, Current Mhz: 2516, Mhz Limit: 3801
Processor Information for processor 6
  Max Mhz: 3801, Current Mhz: 2516, Mhz Limit: 3801
Processor Information for processor 7
  Max Mhz: 3801, Current Mhz: 2516, Mhz Limit: 3801
Processor Information for processor 8
  Max Mhz: 3801, Current Mhz: 2516, Mhz Limit: 3801
Processor Information for processor 9
  Max Mhz: 3801, Current Mhz: 2516, Mhz Limit: 3801
Processor Information for processor 10
  Max Mhz: 3801, Current Mhz: 2516, Mhz Limit: 3801
Processor Information for processor 11
  Max Mhz: 3801, Current Mhz: 3801, Mhz Limit: 3801
Processor Information for processor 12
  Max Mhz: 3801, Current Mhz: 2516, Mhz Limit: 3801
Processor Information for processor 13
  Max Mhz: 3801, Current Mhz: 2516, Mhz Limit: 3801
Processor Information for processor 14
  Max Mhz: 3801, Current Mhz: 2516, Mhz Limit: 3801
Processor Information for processor 15
  Max Mhz: 3801, Current Mhz: 2516, Mhz Limit: 3801

Memory: 4k page, system-wide physical 15554M (1219M free)
TotalPageFile size 35554M (AvailPageFile size 110M)
current process WorkingSet (physical memory assigned to process): 11M, peak: 11M
current process commit charge ("private bytes"): 70M, peak: 314M

vm_info: OpenJDK 64-Bit Server VM (17.0.11+1-b1207.24) for windows-amd64 JRE (17.0.11+1-b1207.24), built on 2024-05-15 by "builduser" with MS VC++ 16.10 / 16.11 (VS2019)

END.
